Combined owner and adjacent validation; files= 58
........................................................................ [  5%]
........................................................................ [ 10%]
........................................................................ [ 16%]
........................................................................ [ 21%]
........................................................................ [ 27%]
........................................................................ [ 32%]
........................................................................ [ 38%]
........................................................................ [ 43%]
........................................................................ [ 49%]
........................................................................ [ 54%]
........................................................................ [ 60%]
........................................................................ [ 65%]
........................................................................ [ 71%]
........................................................................ [ 76%]
........................................................................ [ 82%]
........................................................................ [ 87%]
........................................................................ [ 93%]
........................................................................ [ 98%]
..............                                                           [100%]
1310 passed, 32 warnings in 97.82s (0:01:37)
