  ok   agent_render_security.test.js
  ok   audit_regressions_20260915.test.js
  ok   composer_keyboard.test.js
  ok   copilot_history.test.js
  ok   crossdb_job_continuity.test.js
  ok   crossdb_progress_owner.test.js
  ok   crossdb_raw_scope.test.js
  ok   crossdb_results_owner.test.js
  ok   crossdb_setup_owner.test.js
  ok   crossdb_source_choice.test.js
  ok   e2_reports_security.test.js
  ok   evidence_preview_security.test.js
  ok   extraction_embedded_handoff.test.js
  ok   extraction_embedded_scroll.test.js
  ok   extraction_icd_source_binding.test.js
  ok   extraction_job_continuity.test.js
  ok   extraction_study_roundtrip.test.js
  ok   guided_classic_exit.test.js
  ok   guided_gate_state.test.js
  ok   guided_idea_flow.test.js
  ok   guided_pi_data_workbench.test.js
  ok   guided_pi_modules.test.js
  ok   guided_plan_resource_authority.test.js
  ok   guided_project_handoff.test.js
  ok   guided_side_panels.test.js
  ok   guided_workflow_copy.test.js
  ok   job_continuity_404.test.js
  ok   manuscript_reader_navigation.test.js
  ok   patient_browse_owners.test.js
  ok   patient_demo_fidelity.test.js
  ok   patient_demo_sources_owner.test.js
  ok   patient_echarts_owner.test.js
  ok   patient_feature_loader_owner.test.js
  ok   patient_scope_truth.test.js
  ok   patient_series_owner.test.js
  ok   product_labels.test.js
  ok   project_title_projection.test.js
  ok   report_progress_refresh.test.js
  ok   review_echarts_owners.test.js
  ok   run_context_race.test.js
  ok   study_context_lifecycle.test.js
  ok   technical_report_security.test.js
  ok   viz_embedded_workbench.test.js

0 failing of 43
